// Jest Snapshot v1, https://goo.gl/fbAQLP

exports[`<HomeScreen /> renders correctly 1`] = `
<RNCSafeAreaView
  edges={
    Array [
      "bottom",
      "left",
      "right",
      "top",
    ]
  }
  style={
    Object {
      "flex": 1,
      "justifyContent": "space-evenly",
      "paddingHorizontal": 16,
    }
  }
>
  <View
    style={
      Object {
        "alignItems": "center",
        "height": 100,
        "marginVertical": 8,
      }
    }
  >
    <Image
      source={1}
      style={
        Object {
          "borderRadius": 50,
          "flex": 1,
          "height": 100,
          "width": 100,
        }
      }
    />
  </View>
  <Text
    style={
      Object {
        "color": "#2a9d9d",
        "fontSize": 32,
        "fontWeight": "bold",
        "margin": 16,
        "textAlign": "center",
      }
    }
  >
    Timeout Ultimate
  </Text>
  <Text
    style={
      Object {
        "fontSize": 20,
        "marginBottom": 32,
        "textAlign": "center",
      }
    }
  >
    <Text
      style={
        Object {
          "color": "#2a9d9d",
          "fontSize": 26,
          "fontWeight": "bold",
        }
      }
    >
      269
    </Text>
     questions t'attendent pour apprendre les règles de l'ultimate !
  </Text>
  <View
    style={
      Object {
        "marginHorizontal": 16,
      }
    }
  >
    <View
      style={
        Array [
          Object {
            "borderRadius": 3,
            "overflow": "hidden",
          },
          Object {
            "borderRadius": 3,
          },
          Object {
            "borderRadius": 8,
            "marginBottom": 16,
          },
          false,
        ]
      }
    >
      <View
        accessibilityRole="button"
        accessibilityState={
          Object {
            "busy": false,
            "disabled": false,
          }
        }
        accessible={true}
        collapsable={false}
        focusable={true}
        onClick={[Function]}
        onResponderGrant={[Function]}
        onResponderMove={[Function]}
        onResponderRelease={[Function]}
        onResponderTerminate={[Function]}
        onResponderTerminationRequest={[Function]}
        onStartShouldSetResponder={[Function]}
        style={
          Object {
            "opacity": 1,
          }
        }
      >
        <View
          style={
            Object {
              "alignItems": "center",
              "backgroundColor": "#2089dc",
              "borderColor": "#2089dc",
              "borderRadius": 3,
              "borderWidth": 0,
              "flexDirection": "row",
              "justifyContent": "center",
              "padding": 8,
            }
          }
        >
          <Text
            style={
              Object {
                "color": "white",
                "fontSize": 26,
                "paddingVertical": 1,
                "textAlign": "center",
              }
            }
          >
            Jouer
          </Text>
        </View>
      </View>
    </View>
    <View
      style={
        Array [
          Object {
            "borderRadius": 3,
            "overflow": "hidden",
          },
          Object {
            "borderRadius": 3,
          },
          Object {
            "borderRadius": 8,
            "marginBottom": 16,
          },
          false,
        ]
      }
    >
      <View
        accessibilityRole="button"
        accessibilityState={
          Object {
            "busy": false,
            "disabled": false,
          }
        }
        accessible={true}
        collapsable={false}
        focusable={true}
        onClick={[Function]}
        onResponderGrant={[Function]}
        onResponderMove={[Function]}
        onResponderRelease={[Function]}
        onResponderTerminate={[Function]}
        onResponderTerminationRequest={[Function]}
        onStartShouldSetResponder={[Function]}
        style={
          Object {
            "opacity": 1,
          }
        }
      >
        <View
          style={
            Object {
              "alignItems": "center",
              "backgroundColor": "#2089dc",
              "borderColor": "#2089dc",
              "borderRadius": 3,
              "borderWidth": 0,
              "flexDirection": "row",
              "justifyContent": "center",
              "padding": 8,
            }
          }
        >
          <Text
            style={
              Object {
                "color": "white",
                "fontSize": 18,
                "paddingVertical": 1,
                "textAlign": "center",
              }
            }
          >
            Historique
          </Text>
        </View>
      </View>
    </View>
    <View
      style={
        Array [
          Object {
            "borderRadius": 3,
            "overflow": "hidden",
          },
          Object {
            "borderRadius": 3,
          },
          Object {
            "borderRadius": 8,
            "marginBottom": 16,
          },
          false,
        ]
      }
    >
      <View
        accessibilityRole="button"
        accessibilityState={
          Object {
            "busy": false,
            "disabled": false,
          }
        }
        accessible={true}
        collapsable={false}
        focusable={true}
        onClick={[Function]}
        onResponderGrant={[Function]}
        onResponderMove={[Function]}
        onResponderRelease={[Function]}
        onResponderTerminate={[Function]}
        onResponderTerminationRequest={[Function]}
        onStartShouldSetResponder={[Function]}
        style={
          Object {
            "opacity": 1,
          }
        }
      >
        <View
          style={
            Object {
              "alignItems": "center",
              "backgroundColor": "#2089dc",
              "borderColor": "#2089dc",
              "borderRadius": 3,
              "borderWidth": 0,
              "flexDirection": "row",
              "justifyContent": "center",
              "padding": 8,
            }
          }
        >
          <Text
            style={
              Object {
                "color": "white",
                "fontSize": 18,
                "paddingVertical": 1,
                "textAlign": "center",
              }
            }
          >
            Règlement
          </Text>
        </View>
      </View>
    </View>
  </View>
  <View
    style={
      Object {
        "alignItems": "flex-end",
        "marginHorizontal": 8,
      }
    }
  >
    <View
      accessible={true}
      collapsable={false}
      focusable={true}
      onBlur={[Function]}
      onClick={[Function]}
      onFocus={[Function]}
      onResponderGrant={[Function]}
      onResponderMove={[Function]}
      onResponderRelease={[Function]}
      onResponderTerminate={[Function]}
      onResponderTerminationRequest={[Function]}
      onStartShouldSetResponder={[Function]}
    >
      <Text />
    </View>
  </View>
</RNCSafeAreaView>
`;
